// Jest Snapshot v1, https://goo.gl/fbAQLP

exports[`ProfileStatus status from props should be in the state 1`] = `
<div
  className="status"
>
  <div
    className="status-text"
    onDoubleClick={[Function]}
  >
    Kalen
  </div>
</div>
`;
